2026-06-12T11:13:37.301+05:30  INFO 14292 --- [order-service] [main] com.ecommerce.order.OrderApplication     : Starting OrderApplication using Java 25.0.1 with PID 14292 (D:\My Profile\Java\projects\ecom-microservices\order\target\classes started by Stali in D:\My Profile\Java\projects\ecom-microservices)
2026-06-12T11:13:37.309+05:30  INFO 14292 --- [order-service] [main] com.ecommerce.order.OrderApplication     : No active profile set, falling back to 1 default profile: "default"
2026-06-12T11:13:37.357+05:30  INFO 14292 --- [order-service] [main] o.s.c.c.c.ConfigServerConfigDataLoader   : Fetching config from server at : http://localhost:8888
2026-06-12T11:13:37.357+05:30  INFO 14292 --- [order-service] [main] o.s.c.c.c.ConfigServerConfigDataLoader   : Located environment: name=order-service, profiles=[default], label=null, version=null, state=null
2026-06-12T11:13:39.149+05:30  INFO 14292 --- [order-service] [main] .s.d.r.c.RepositoryConfigurationDelegate : Bootstrapping Spring Data JPA repositories in DEFAULT mode.
2026-06-12T11:13:39.377+05:30  INFO 14292 --- [order-service] [main] .s.d.r.c.RepositoryConfigurationDelegate : Finished Spring Data repository scanning in 211 ms. Found 2 JPA repository interfaces.
2026-06-12T11:13:40.005+05:30  INFO 14292 --- [order-service] [main] faultConfiguringBeanFactoryPostProcessor : No bean named 'errorChannel' has been explicitly defined. Therefore, a default PublishSubscribeChannel will be created.
2026-06-12T11:13:40.012+05:30  INFO 14292 --- [order-service] [main] faultConfiguringBeanFactoryPostProcessor : No bean named 'integrationHeaderChannelRegistry' has been explicitly defined. Therefore, a default DefaultHeaderChannelRegistry will be created.
2026-06-12T11:13:40.042+05:30  INFO 14292 --- [order-service] [main] o.s.cloud.context.scope.GenericScope     : BeanFactory id=8c63e7b3-ae25-3de2-a26a-9194b656c9c8
2026-06-12T11:13:40.511+05:30  INFO 14292 --- [order-service] [main] o.s.boot.tomcat.TomcatWebServer          : Tomcat initialized with port 8083 (http)
2026-06-12T11:13:40.544+05:30  INFO 14292 --- [order-service] [main] o.apache.catalina.core.StandardService   : Starting service [Tomcat]
2026-06-12T11:13:40.545+05:30  INFO 14292 --- [order-service] [main] o.apache.catalina.core.StandardEngine    : Starting Servlet engine: [Apache Tomcat/11.0.21]
2026-06-12T11:13:40.686+05:30  INFO 14292 --- [order-service] [main] b.w.c.s.WebApplicationContextInitializer : Root WebApplicationContext: initialization completed in 3326 ms
2026-06-12T11:13:41.105+05:30  INFO 14292 --- [order-service] [main] com.zaxxer.hikari.HikariDataSource       : HikariPool-1 - Starting...
2026-06-12T11:13:41.374+05:30  INFO 14292 --- [order-service] [main] com.zaxxer.hikari.pool.HikariPool        : HikariPool-1 - Added connection org.postgresql.jdbc.PgConnection@7c200e57
2026-06-12T11:13:41.376+05:30  INFO 14292 --- [order-service] [main] com.zaxxer.hikari.HikariDataSource       : HikariPool-1 - Start completed.
2026-06-12T11:13:41.404+05:30  INFO 14292 --- [order-service] [main] org.hibernate.orm.jpa                    : HHH008540: Processing PersistenceUnitInfo [name: default]
2026-06-12T11:13:41.457+05:30  INFO 14292 --- [order-service] [main] org.hibernate.orm.core                   : HHH000001: Hibernate ORM core version 7.2.12.Final
2026-06-12T11:13:41.952+05:30  INFO 14292 --- [order-service] [main] o.s.o.j.p.SpringPersistenceUnitInfo      : No LoadTimeWeaver setup: ignoring JPA class transformer
2026-06-12T11:13:42.086+05:30  WARN 14292 --- [order-service] [main] org.hibernate.orm.deprecation            : HHH90000025: PostgreSQLDialect does not need to be specified explicitly using 'hibernate.dialect' (remove the property setting and it will be selected by default)
2026-06-12T11:13:42.131+05:30  INFO 14292 --- [order-service] [main] org.hibernate.orm.connections.pooling    : HHH10001005: Database info:
	Database JDBC URL [jdbc:postgresql://localhost:5432/order]
	Database driver: PostgreSQL JDBC Driver
	Database dialect: PostgreSQLDialect
	Database version: 14.22
	Default catalog/schema: order/public
	Autocommit mode: undefined/unknown
	Isolation level: READ_COMMITTED [default READ_COMMITTED]
	JDBC fetch size: none
	Pool: DataSourceConnectionProvider
	Minimum pool size: undefined/unknown
	Maximum pool size: undefined/unknown
2026-06-12T11:13:43.295+05:30  INFO 14292 --- [order-service] [main] org.hibernate.orm.core                   : HHH000489: No JTA platform available (set 'hibernate.transaction.jta.platform' to enable JTA platform integration)
2026-06-12T11:13:43.302+05:30  INFO 14292 --- [order-service] [main] j.LocalContainerEntityManagerFactoryBean : Initialized JPA EntityManagerFactory for persistence unit 'default'
2026-06-12T11:13:43.414+05:30  WARN 14292 --- [order-service] [main] JpaBaseConfiguration$JpaWebConfiguration : spring.jpa.open-in-view is enabled by default. Therefore, database queries may be performed during view rendering. Explicitly configure spring.jpa.open-in-view to disable this warning
2026-06-12T11:13:43.658+05:30  INFO 14292 --- [order-service] [main] o.s.c.openfeign.FeignClientFactoryBean   : For 'product-service' URL not provided. Will try picking an instance via load-balancing.
2026-06-12T11:13:43.713+05:30  INFO 14292 --- [order-service] [main] o.s.c.openfeign.FeignClientFactoryBean   : For 'user-service' URL not provided. Will try picking an instance via load-balancing.
2026-06-12T11:13:43.765+05:30  INFO 14292 --- [order-service] [main] o.s.d.j.r.query.QueryEnhancerFactories   : Hibernate is in classpath; If applicable, HQL parser will be used.
2026-06-12T11:13:44.347+05:30  INFO 14292 --- [order-service] [main] o.s.c.s.m.DirectWithAttributesChannel    : Channel 'order-service.springCloudBusInput' has 1 subscriber(s).
2026-06-12T11:13:44.992+05:30  INFO 14292 --- [order-service] [main] DiscoveryClientOptionalArgsConfiguration : Eureka HTTP Client uses RestClient.
2026-06-12T11:13:45.028+05:30  WARN 14292 --- [order-service] [main] iguration$LoadBalancerCaffeineWarnLogger : Spring Cloud LoadBalancer is currently working with the default cache. While this cache implementation is useful for development and tests, it's recommended to use Caffeine cache in production.You can switch to using Caffeine cache, by adding it and org.springframework.cache.caffeine.CaffeineCacheManager to the classpath.
2026-06-12T11:13:45.040+05:30  INFO 14292 --- [order-service] [main] o.s.b.a.e.web.EndpointLinksResolver      : Exposing 25 endpoints beneath base path '/actuator'
2026-06-12T11:13:45.174+05:30  INFO 14292 --- [order-service] [main] figuration$IntegrationJmxConfiguration$1 : Registering MessageChannel errorChannel
2026-06-12T11:13:45.178+05:30  INFO 14292 --- [order-service] [main] figuration$IntegrationJmxConfiguration$1 : Registering MessageChannel springCloudBusInput
2026-06-12T11:13:45.181+05:30  INFO 14292 --- [order-service] [main] figuration$IntegrationJmxConfiguration$1 : Registering MessageChannel nullChannel
2026-06-12T11:13:45.186+05:30  INFO 14292 --- [order-service] [main] figuration$IntegrationJmxConfiguration$1 : Registering MessageHandler _org.springframework.integration.errorLogger
2026-06-12T11:13:45.192+05:30  INFO 14292 --- [order-service] [main] o.s.i.endpoint.EventDrivenConsumer       : Adding {logging-channel-adapter:_org.springframework.integration.errorLogger} as a subscriber to the 'errorChannel' channel
2026-06-12T11:13:45.192+05:30  INFO 14292 --- [order-service] [main] o.s.i.channel.PublishSubscribeChannel    : Channel 'order-service.errorChannel' has 1 subscriber(s).
2026-06-12T11:13:45.193+05:30  INFO 14292 --- [order-service] [main] o.s.i.endpoint.EventDrivenConsumer       : started bean '_org.springframework.integration.errorLogger'
2026-06-12T11:13:45.215+05:30  INFO 14292 --- [order-service] [main] o.s.c.n.eureka.InstanceInfoFactory       : Setting initial instance status as: STARTING
2026-06-12T11:13:45.240+05:30  INFO 14292 --- [order-service] [main] com.netflix.discovery.DiscoveryClient    : Initializing Eureka in region us-east-1
2026-06-12T11:13:45.245+05:30  INFO 14292 --- [order-service] [main] c.n.d.s.r.aws.ConfigClusterResolver      : Resolving eureka endpoints via configuration
2026-06-12T11:13:45.253+05:30  INFO 14292 --- [order-service] [main] com.netflix.discovery.DiscoveryClient    : Disable delta property : false
2026-06-12T11:13:45.253+05:30  INFO 14292 --- [order-service] [main] com.netflix.discovery.DiscoveryClient    : Single vip registry refresh property : null
2026-06-12T11:13:45.253+05:30  INFO 14292 --- [order-service] [main] com.netflix.discovery.DiscoveryClient    : Force full registry fetch : false
2026-06-12T11:13:45.253+05:30  INFO 14292 --- [order-service] [main] com.netflix.discovery.DiscoveryClient    : Application is null : false
2026-06-12T11:13:45.253+05:30  INFO 14292 --- [order-service] [main] com.netflix.discovery.DiscoveryClient    : Registered Applications size is zero : true
2026-06-12T11:13:45.253+05:30  INFO 14292 --- [order-service] [main] com.netflix.discovery.DiscoveryClient    : Application version is -1: true
2026-06-12T11:13:45.253+05:30  INFO 14292 --- [order-service] [main] com.netflix.discovery.DiscoveryClient    : Getting all instance registry info from the eureka server
2026-06-12T11:13:45.495+05:30  INFO 14292 --- [order-service] [main] com.netflix.discovery.DiscoveryClient    : The response status is 200
2026-06-12T11:13:45.496+05:30  INFO 14292 --- [order-service] [main] com.netflix.discovery.DiscoveryClient    : Starting heartbeat executor: renew interval is: 30
2026-06-12T11:13:45.498+05:30  INFO 14292 --- [order-service] [main] c.n.discovery.InstanceInfoReplicator     : InstanceInfoReplicator onDemand update allowed rate per min is 4
2026-06-12T11:13:45.499+05:30  INFO 14292 --- [order-service] [main] com.netflix.discovery.DiscoveryClient    : Discovery Client initialized at timestamp 1781243025498 with initial instances count: 2
2026-06-12T11:13:45.502+05:30  INFO 14292 --- [order-service] [main] o.s.c.n.e.s.EurekaServiceRegistry        : Registering application ORDER-SERVICE with eureka with status UP
2026-06-12T11:13:45.502+05:30  INFO 14292 --- [order-service] [main] com.netflix.discovery.DiscoveryClient    : Saw local status change event StatusChangeEvent [timestamp=1781243025502, current=UP, previous=STARTING]
2026-06-12T11:13:45.503+05:30  INFO 14292 --- [order-service] [DiscoveryClient-InstanceInfoReplicator-%d] com.netflix.discovery.DiscoveryClient    : DiscoveryClient_ORDER-SERVICE/STALA.mshome.net:order-service:8083: registering service...
2026-06-12T11:13:45.504+05:30  INFO 14292 --- [order-service] [main] o.s.c.s.binder.DefaultBinderFactory      : Creating binder: rabbit
2026-06-12T11:13:45.504+05:30  INFO 14292 --- [order-service] [main] o.s.c.s.binder.DefaultBinderFactory      : Constructing binder child context for rabbit
2026-06-12T11:13:45.555+05:30  INFO 14292 --- [order-service] [DiscoveryClient-InstanceInfoReplicator-%d] com.netflix.discovery.DiscoveryClient    : DiscoveryClient_ORDER-SERVICE/STALA.mshome.net:order-service:8083 - registration status: 204
2026-06-12T11:13:45.567+05:30  INFO 14292 --- [order-service] [main] o.s.c.s.binder.DefaultBinderFactory      : Caching the binder: rabbit
2026-06-12T11:13:45.577+05:30  INFO 14292 --- [order-service] [main] c.s.b.r.p.RabbitExchangeQueueProvisioner : declaring queue for inbound: springCloudBus.anonymous.jRSx34daRUihfR-7Cwh4ig, bound to: springCloudBus
2026-06-12T11:13:45.581+05:30  INFO 14292 --- [order-service] [main] o.s.a.r.c.CachingConnectionFactory       : Attempting to connect to: [localhost:5672]
2026-06-12T11:13:45.626+05:30  INFO 14292 --- [order-service] [main] o.s.a.r.c.CachingConnectionFactory       : Created new connection: rabbitConnectionFactory#55c7ba5:0/SimpleConnection@4a595315 [delegate=amqp://guest@127.0.0.1:5672/, localPort=55986]
2026-06-12T11:13:45.672+05:30  INFO 14292 --- [order-service] [main] o.s.c.stream.binder.BinderErrorChannel   : Channel 'rabbit-1672292879.springCloudBusInput.errors' has 1 subscriber(s).
2026-06-12T11:13:45.673+05:30  INFO 14292 --- [order-service] [main] o.s.c.stream.binder.BinderErrorChannel   : Channel 'rabbit-1672292879.springCloudBusInput.errors' has 2 subscriber(s).
2026-06-12T11:13:45.713+05:30  INFO 14292 --- [order-service] [main] o.s.i.a.i.AmqpInboundChannelAdapter      : started bean 'inbound.springCloudBus.anonymous.jRSx34daRUihfR-7Cwh4ig'
2026-06-12T11:13:45.738+05:30  INFO 14292 --- [order-service] [main] o.s.boot.tomcat.TomcatWebServer          : Tomcat started on port 8083 (http) with context path '/'
2026-06-12T11:13:45.740+05:30  INFO 14292 --- [order-service] [main] .s.c.n.e.s.EurekaAutoServiceRegistration : Updating port to 8083
2026-06-12T11:13:45.782+05:30  INFO 14292 --- [order-service] [main] figuration$IntegrationJmxConfiguration$1 : Registering MessageChannel rabbit-1672292879.springCloudBusInput.errors
2026-06-12T11:13:45.805+05:30  INFO 14292 --- [order-service] [main] com.ecommerce.order.OrderApplication     : Started OrderApplication in 9.618 seconds (process running for 11.128)
2026-06-12T11:13:46.408+05:30  INFO 14292 --- [order-service] [RMI TCP Connection(4)-10.7.65.24] o.a.c.c.C.[Tomcat].[localhost].[/]       : Initializing Spring DispatcherServlet 'dispatcherServlet'
2026-06-12T11:13:46.409+05:30  INFO 14292 --- [order-service] [RMI TCP Connection(4)-10.7.65.24] o.s.web.servlet.DispatcherServlet        : Initializing Servlet 'dispatcherServlet'
2026-06-12T11:13:46.415+05:30  INFO 14292 --- [order-service] [RMI TCP Connection(4)-10.7.65.24] o.s.web.servlet.DispatcherServlet        : Completed initialization in 6 ms
2026-06-12T11:18:45.284+05:30  INFO 14292 --- [order-service] [AsyncResolver-bootstrap-executor-%d] c.n.d.s.r.aws.ConfigClusterResolver      : Resolving eureka endpoints via configuration
2026-06-12T11:23:45.342+05:30  INFO 14292 --- [order-service] [AsyncResolver-bootstrap-executor-%d] c.n.d.s.r.aws.ConfigClusterResolver      : Resolving eureka endpoints via configuration
2026-06-12T11:28:43.115+05:30  INFO 14292 --- [order-service] [SpringApplicationShutdownHook] o.s.c.n.e.s.EurekaServiceRegistry        : Unregistering application ORDER-SERVICE with eureka with status DOWN
2026-06-12T11:28:43.136+05:30  INFO 14292 --- [order-service] [SpringApplicationShutdownHook] com.netflix.discovery.DiscoveryClient    : Saw local status change event StatusChangeEvent [timestamp=1781243923136, current=DOWN, previous=UP]
2026-06-12T11:28:43.138+05:30  INFO 14292 --- [order-service] [DiscoveryClient-InstanceInfoReplicator-%d] com.netflix.discovery.DiscoveryClient    : DiscoveryClient_ORDER-SERVICE/STALA.mshome.net:order-service:8083: registering service...
2026-06-12T11:28:43.183+05:30  INFO 14292 --- [order-service] [DiscoveryClient-InstanceInfoReplicator-%d] com.netflix.discovery.DiscoveryClient    : DiscoveryClient_ORDER-SERVICE/STALA.mshome.net:order-service:8083 - registration status: 204
2026-06-12T11:28:43.571+05:30  INFO 14292 --- [order-service] [SpringApplicationShutdownHook] o.s.boot.tomcat.GracefulShutdown         : Commencing graceful shutdown. Waiting for active requests to complete
2026-06-12T11:28:43.842+05:30  INFO 14292 --- [order-service] [tomcat-shutdown] o.s.boot.tomcat.GracefulShutdown         : Graceful shutdown complete
2026-06-12T11:28:44.126+05:30  INFO 14292 --- [order-service] [SpringApplicationShutdownHook] o.s.a.r.l.SimpleMessageListenerContainer : Waiting for workers to finish.
2026-06-12T11:28:44.880+05:30  INFO 14292 --- [order-service] [SpringApplicationShutdownHook] o.s.a.r.l.SimpleMessageListenerContainer : Successfully waited for workers to finish.
2026-06-12T11:28:45.277+05:30  INFO 14292 --- [order-service] [SpringApplicationShutdownHook] o.s.i.a.i.AmqpInboundChannelAdapter      : stopped bean 'inbound.springCloudBus.anonymous.jRSx34daRUihfR-7Cwh4ig'
2026-06-12T11:28:45.474+05:30  INFO 14292 --- [order-service] [AsyncResolver-bootstrap-executor-%d] c.n.d.s.r.aws.ConfigClusterResolver      : Resolving eureka endpoints via configuration
2026-06-12T11:28:45.899+05:30  INFO 14292 --- [order-service] [SpringApplicationShutdownHook] o.s.c.stream.binder.BinderErrorChannel   : Channel 'order-service.rabbit-1672292879.springCloudBusInput.errors' has 1 subscriber(s).
2026-06-12T11:28:45.910+05:30  INFO 14292 --- [order-service] [SpringApplicationShutdownHook] o.s.c.stream.binder.BinderErrorChannel   : Channel 'order-service.rabbit-1672292879.springCloudBusInput.errors' has 0 subscriber(s).
2026-06-12T11:28:46.197+05:30  INFO 14292 --- [order-service] [SpringApplicationShutdownHook] o.s.i.endpoint.EventDrivenConsumer       : Removing {logging-channel-adapter:_org.springframework.integration.errorLogger} as a subscriber to the 'errorChannel' channel
2026-06-12T11:28:46.197+05:30  INFO 14292 --- [order-service] [SpringApplicationShutdownHook] o.s.i.channel.PublishSubscribeChannel    : Channel 'order-service.errorChannel' has 0 subscriber(s).
2026-06-12T11:28:46.198+05:30  INFO 14292 --- [order-service] [SpringApplicationShutdownHook] o.s.i.endpoint.EventDrivenConsumer       : stopped bean '_org.springframework.integration.errorLogger'
2026-06-12T11:28:46.295+05:30  INFO 14292 --- [order-service] [SpringApplicationShutdownHook] j.LocalContainerEntityManagerFactoryBean : Closing JPA EntityManagerFactory for persistence unit 'default'
2026-06-12T11:28:46.390+05:30  INFO 14292 --- [order-service] [SpringApplicationShutdownHook] com.zaxxer.hikari.HikariDataSource       : HikariPool-1 - Shutdown initiated...
2026-06-12T11:28:46.503+05:30  INFO 14292 --- [order-service] [SpringApplicationShutdownHook] com.zaxxer.hikari.HikariDataSource       : HikariPool-1 - Shutdown completed.
2026-06-12T11:28:46.516+05:30  INFO 14292 --- [order-service] [SpringApplicationShutdownHook] com.netflix.discovery.DiscoveryClient    : Shutting down DiscoveryClient ...
2026-06-12T11:28:49.520+05:30  INFO 14292 --- [order-service] [SpringApplicationShutdownHook] com.netflix.discovery.DiscoveryClient    : Unregistering ...
2026-06-12T11:28:49.544+05:30  INFO 14292 --- [order-service] [SpringApplicationShutdownHook] com.netflix.discovery.DiscoveryClient    : DiscoveryClient_ORDER-SERVICE/STALA.mshome.net:order-service:8083 - deregister  status: 200
2026-06-12T11:28:49.546+05:30  INFO 14292 --- [order-service] [SpringApplicationShutdownHook] com.netflix.discovery.DiscoveryClient    : Completed shut down of DiscoveryClient
