2026-06-23T10:33:47.858+05:30  INFO 21220 --- [user-service] [main] com.ecommerce.user.UserApplication       : Starting UserApplication using Java 25.0.1 with PID 21220 (D:\My Profile\Java\projects\ecom-microservices\user\target\classes started by Stali in D:\My Profile\Java\projects\ecom-microservices)
2026-06-23T10:33:47.868+05:30  INFO 21220 --- [user-service] [main] com.ecommerce.user.UserApplication       : No active profile set, falling back to 1 default profile: "default"
2026-06-23T10:33:47.934+05:30  INFO 21220 --- [user-service] [main] o.s.c.c.c.ConfigServerConfigDataLoader   : Fetching config from server at : http://localhost:8888
2026-06-23T10:33:47.935+05:30  INFO 21220 --- [user-service] [main] o.s.c.c.c.ConfigServerConfigDataLoader   : Located environment: name=user-service, profiles=[default], label=null, version=null, state=null
2026-06-23T10:33:49.810+05:30  INFO 21220 --- [user-service] [main] .s.d.r.c.RepositoryConfigurationDelegate : Bootstrapping Spring Data MongoDB repositories in DEFAULT mode.
2026-06-23T10:33:50.044+05:30  INFO 21220 --- [user-service] [main] .s.d.r.c.RepositoryConfigurationDelegate : Finished Spring Data repository scanning in 209 ms. Found 1 MongoDB repository interface.
2026-06-23T10:33:50.490+05:30  INFO 21220 --- [user-service] [main] faultConfiguringBeanFactoryPostProcessor : No bean named 'errorChannel' has been explicitly defined. Therefore, a default PublishSubscribeChannel will be created.
2026-06-23T10:33:50.503+05:30  INFO 21220 --- [user-service] [main] faultConfiguringBeanFactoryPostProcessor : No bean named 'integrationHeaderChannelRegistry' has been explicitly defined. Therefore, a default DefaultHeaderChannelRegistry will be created.
2026-06-23T10:33:50.566+05:30  INFO 21220 --- [user-service] [main] o.s.cloud.context.scope.GenericScope     : BeanFactory id=c89218d2-5120-3b13-95ba-f6196f2a39ef
2026-06-23T10:33:51.204+05:30  INFO 21220 --- [user-service] [main] o.s.boot.tomcat.TomcatWebServer          : Tomcat initialized with port 8082 (http)
2026-06-23T10:33:51.228+05:30  INFO 21220 --- [user-service] [main] o.apache.catalina.core.StandardService   : Starting service [Tomcat]
2026-06-23T10:33:51.230+05:30  INFO 21220 --- [user-service] [main] o.apache.catalina.core.StandardEngine    : Starting Servlet engine: [Apache Tomcat/11.0.21]
2026-06-23T10:33:51.319+05:30  INFO 21220 --- [user-service] [main] b.w.c.s.WebApplicationContextInitializer : Root WebApplicationContext: initialization completed in 3379 ms
2026-06-23T10:33:52.072+05:30  INFO 21220 --- [user-service] [main] org.mongodb.driver.client                : MongoClient with metadata {"driver": {"name": "mongo-java-driver|spring-boot|sync", "version": "5.6.5"}, "os": {"type": "Windows", "name": "Windows 11", "architecture": "amd64", "version": "10.0"}, "platform": "Java/Oracle Corporation/25.0.1+8-27"} created with settings MongoClientSettings{readPreference=primary, writeConcern=WriteConcern{w=null, wTimeout=null ms, journal=null}, retryWrites=true, retryReads=true, readConcern=ReadConcern{level=null}, credential=null, transportSettings=null, commandListeners=[io.micrometer.core.instrument.binder.mongodb.MongoMetricsCommandListener@2b06681c], codecRegistry=ProvidersCodecRegistry{codecProviders=[ValueCodecProvider{}, BsonValueCodecProvider{}, DBRefCodecProvider{}, DBObjectCodecProvider{}, DocumentCodecProvider{}, CollectionCodecProvider{}, IterableCodecProvider{}, MapCodecProvider{}, GeoJsonCodecProvider{}, GridFSFileCodecProvider{}, Jsr310CodecProvider{}, JsonObjectCodecProvider{}, BsonCodecProvider{}, com.mongodb.client.model.mql.ExpressionCodecProvider@20f6b6e0, com.mongodb.Jep395RecordCodecProvider@67cd84f9, com.mongodb.KotlinCodecProvider@52b891de, EnumCodecProvider{}]}, loggerSettings=LoggerSettings{maxDocumentLength=1000}, clusterSettings={hosts=[localhost:27017], srvServiceName=mongodb, mode=SINGLE, requiredClusterType=UNKNOWN, requiredReplicaSetName='null', serverSelector='null', clusterListeners='[]', serverSelectionTimeout='30000 ms', localThreshold='15 ms'}, socketSettings=SocketSettings{connectTimeoutMS=10000, readTimeoutMS=0, receiveBufferSize=0, proxySettings=ProxySettings{host=null, port=null, username=null, password=null}}, heartbeatSocketSettings=SocketSettings{connectTimeoutMS=10000, readTimeoutMS=10000, receiveBufferSize=0, proxySettings=ProxySettings{host=null, port=null, username=null, password=null}}, connectionPoolSettings=ConnectionPoolSettings{maxSize=100, minSize=0, maxWaitTimeMS=120000, maxConnectionLifeTimeMS=0, maxConnectionIdleTimeMS=0, maintenanceInitialDelayMS=0, maintenanceFrequencyMS=60000, connectionPoolListeners=[io.micrometer.core.instrument.binder.mongodb.MongoMetricsConnectionPoolListener@4ae6451d], maxConnecting=2}, serverSettings=ServerSettings{heartbeatFrequencyMS=10000, minHeartbeatFrequencyMS=500, serverMonitoringMode=AUTO, serverListeners='[]', serverMonitorListeners='[]'}, sslSettings=SslSettings{enabled=false, invalidHostNameAllowed=false, context=null}, applicationName='null', compressorList=[], uuidRepresentation=UNSPECIFIED, serverApi=null, autoEncryptionSettings=null, dnsClient=null, inetAddressResolver=null, contextProvider=null, timeoutMS=null}
2026-06-23T10:33:52.174+05:30  INFO 21220 --- [user-service] [cluster-ClusterId{value='6a3a13b7eff86da06ac36473', description='null'}-localhost:27017] org.mongodb.driver.cluster               : Monitor thread successfully connected to server with description ServerDescription{address=localhost:27017, type=STANDALONE, cryptd=false, state=CONNECTED, ok=true, minWireVersion=0, maxWireVersion=27, maxDocumentSize=16777216, logicalSessionTimeoutMinutes=30, roundTripTimeNanos=106017300, minRoundTripTimeNanos=0}
2026-06-23T10:33:53.448+05:30  INFO 21220 --- [user-service] [main] o.s.c.s.m.DirectWithAttributesChannel    : Channel 'user-service.springCloudBusInput' has 1 subscriber(s).
2026-06-23T10:33:54.273+05:30  INFO 21220 --- [user-service] [main] DiscoveryClientOptionalArgsConfiguration : Eureka HTTP Client uses RestClient.
2026-06-23T10:33:54.316+05:30  WARN 21220 --- [user-service] [main] iguration$LoadBalancerCaffeineWarnLogger : Spring Cloud LoadBalancer is currently working with the default cache. While this cache implementation is useful for development and tests, it's recommended to use Caffeine cache in production.You can switch to using Caffeine cache, by adding it and org.springframework.cache.caffeine.CaffeineCacheManager to the classpath.
2026-06-23T10:33:54.324+05:30  INFO 21220 --- [user-service] [main] o.s.b.a.e.web.EndpointLinksResolver      : Exposing 25 endpoints beneath base path '/actuator'
2026-06-23T10:33:54.468+05:30  INFO 21220 --- [user-service] [main] figuration$IntegrationJmxConfiguration$1 : Registering MessageChannel errorChannel
2026-06-23T10:33:54.475+05:30  INFO 21220 --- [user-service] [main] figuration$IntegrationJmxConfiguration$1 : Registering MessageChannel springCloudBusInput
2026-06-23T10:33:54.486+05:30  INFO 21220 --- [user-service] [main] figuration$IntegrationJmxConfiguration$1 : Registering MessageChannel nullChannel
2026-06-23T10:33:54.492+05:30  INFO 21220 --- [user-service] [main] figuration$IntegrationJmxConfiguration$1 : Registering MessageHandler _org.springframework.integration.errorLogger
2026-06-23T10:33:54.511+05:30  INFO 21220 --- [user-service] [main] o.s.i.endpoint.EventDrivenConsumer       : Adding {logging-channel-adapter:_org.springframework.integration.errorLogger} as a subscriber to the 'errorChannel' channel
2026-06-23T10:33:54.511+05:30  INFO 21220 --- [user-service] [main] o.s.i.channel.PublishSubscribeChannel    : Channel 'user-service.errorChannel' has 1 subscriber(s).
2026-06-23T10:33:54.511+05:30  INFO 21220 --- [user-service] [main] o.s.i.endpoint.EventDrivenConsumer       : started bean '_org.springframework.integration.errorLogger'
2026-06-23T10:33:54.540+05:30  INFO 21220 --- [user-service] [main] o.s.c.n.eureka.InstanceInfoFactory       : Setting initial instance status as: STARTING
2026-06-23T10:33:54.568+05:30  INFO 21220 --- [user-service] [main] com.netflix.discovery.DiscoveryClient    : Initializing Eureka in region us-east-1
2026-06-23T10:33:54.572+05:30  INFO 21220 --- [user-service] [main] c.n.d.s.r.aws.ConfigClusterResolver      : Resolving eureka endpoints via configuration
2026-06-23T10:33:54.582+05:30  INFO 21220 --- [user-service] [main] com.netflix.discovery.DiscoveryClient    : Disable delta property : false
2026-06-23T10:33:54.582+05:30  INFO 21220 --- [user-service] [main] com.netflix.discovery.DiscoveryClient    : Single vip registry refresh property : null
2026-06-23T10:33:54.582+05:30  INFO 21220 --- [user-service] [main] com.netflix.discovery.DiscoveryClient    : Force full registry fetch : false
2026-06-23T10:33:54.582+05:30  INFO 21220 --- [user-service] [main] com.netflix.discovery.DiscoveryClient    : Application is null : false
2026-06-23T10:33:54.582+05:30  INFO 21220 --- [user-service] [main] com.netflix.discovery.DiscoveryClient    : Registered Applications size is zero : true
2026-06-23T10:33:54.582+05:30  INFO 21220 --- [user-service] [main] com.netflix.discovery.DiscoveryClient    : Application version is -1: true
2026-06-23T10:33:54.582+05:30  INFO 21220 --- [user-service] [main] com.netflix.discovery.DiscoveryClient    : Getting all instance registry info from the eureka server
2026-06-23T10:33:54.932+05:30  INFO 21220 --- [user-service] [main] com.netflix.discovery.DiscoveryClient    : The response status is 200
2026-06-23T10:33:54.933+05:30  INFO 21220 --- [user-service] [main] com.netflix.discovery.DiscoveryClient    : Starting heartbeat executor: renew interval is: 30
2026-06-23T10:33:54.936+05:30  INFO 21220 --- [user-service] [main] c.n.discovery.InstanceInfoReplicator     : InstanceInfoReplicator onDemand update allowed rate per min is 4
2026-06-23T10:33:54.937+05:30  INFO 21220 --- [user-service] [main] com.netflix.discovery.DiscoveryClient    : Discovery Client initialized at timestamp 1782191034937 with initial instances count: 1
2026-06-23T10:33:54.943+05:30  INFO 21220 --- [user-service] [main] o.s.c.n.e.s.EurekaServiceRegistry        : Registering application USER-SERVICE with eureka with status UP
2026-06-23T10:33:54.944+05:30  INFO 21220 --- [user-service] [main] com.netflix.discovery.DiscoveryClient    : Saw local status change event StatusChangeEvent [timestamp=1782191034944, current=UP, previous=STARTING]
2026-06-23T10:33:54.946+05:30  INFO 21220 --- [user-service] [DiscoveryClient-InstanceInfoReplicator-%d] com.netflix.discovery.DiscoveryClient    : DiscoveryClient_USER-SERVICE/STALA.mshome.net:user-service:8082: registering service...
2026-06-23T10:33:54.947+05:30  INFO 21220 --- [user-service] [main] o.s.c.s.binder.DefaultBinderFactory      : Creating binder: rabbit
2026-06-23T10:33:54.949+05:30  INFO 21220 --- [user-service] [main] o.s.c.s.binder.DefaultBinderFactory      : Constructing binder child context for rabbit
2026-06-23T10:33:55.011+05:30  INFO 21220 --- [user-service] [DiscoveryClient-InstanceInfoReplicator-%d] com.netflix.discovery.DiscoveryClient    : DiscoveryClient_USER-SERVICE/STALA.mshome.net:user-service:8082 - registration status: 204
2026-06-23T10:33:55.084+05:30  INFO 21220 --- [user-service] [main] o.s.c.s.binder.DefaultBinderFactory      : Caching the binder: rabbit
2026-06-23T10:33:55.098+05:30  INFO 21220 --- [user-service] [main] c.s.b.r.p.RabbitExchangeQueueProvisioner : declaring queue for inbound: springCloudBus.anonymous.Yc4uUgT4RoOotz-VFsZXxA, bound to: springCloudBus
2026-06-23T10:33:55.103+05:30  INFO 21220 --- [user-service] [main] o.s.a.r.c.CachingConnectionFactory       : Attempting to connect to: [localhost:5672]
2026-06-23T10:33:55.196+05:30  INFO 21220 --- [user-service] [main] o.s.a.r.c.CachingConnectionFactory       : Created new connection: rabbitConnectionFactory#240e61:0/SimpleConnection@a824f87 [delegate=amqp://guest@127.0.0.1:5672/, localPort=51664]
2026-06-23T10:33:55.314+05:30  INFO 21220 --- [user-service] [main] o.s.c.stream.binder.BinderErrorChannel   : Channel 'rabbit-1860235060.springCloudBusInput.errors' has 1 subscriber(s).
2026-06-23T10:33:55.315+05:30  INFO 21220 --- [user-service] [main] o.s.c.stream.binder.BinderErrorChannel   : Channel 'rabbit-1860235060.springCloudBusInput.errors' has 2 subscriber(s).
2026-06-23T10:33:55.341+05:30  INFO 21220 --- [user-service] [main] o.s.i.a.i.AmqpInboundChannelAdapter      : started bean 'inbound.springCloudBus.anonymous.Yc4uUgT4RoOotz-VFsZXxA'
2026-06-23T10:33:55.367+05:30  INFO 21220 --- [user-service] [main] o.s.boot.tomcat.TomcatWebServer          : Tomcat started on port 8082 (http) with context path '/'
2026-06-23T10:33:55.368+05:30  INFO 21220 --- [user-service] [main] .s.c.n.e.s.EurekaAutoServiceRegistration : Updating port to 8082
2026-06-23T10:33:55.407+05:30  INFO 21220 --- [user-service] [main] figuration$IntegrationJmxConfiguration$1 : Registering MessageChannel rabbit-1860235060.springCloudBusInput.errors
2026-06-23T10:33:55.458+05:30  INFO 21220 --- [user-service] [main] com.ecommerce.user.UserApplication       : Started UserApplication in 9.196 seconds (process running for 12.327)
2026-06-23T10:38:35.994+05:30  INFO 21220 --- [user-service] [http-nio-8082-exec-1] o.a.c.c.C.[Tomcat].[localhost].[/]       : Initializing Spring DispatcherServlet 'dispatcherServlet'
2026-06-23T10:38:36.017+05:30  INFO 21220 --- [user-service] [http-nio-8082-exec-1] o.s.web.servlet.DispatcherServlet        : Initializing Servlet 'dispatcherServlet'
2026-06-23T10:38:36.237+05:30  INFO 21220 --- [user-service] [http-nio-8082-exec-1] o.s.web.servlet.DispatcherServlet        : Completed initialization in 211 ms
2026-06-23T10:38:54.588+05:30  INFO 21220 --- [user-service] [AsyncResolver-bootstrap-executor-%d] c.n.d.s.r.aws.ConfigClusterResolver      : Resolving eureka endpoints via configuration
